======================================================================
Log Source: training_log_finetune256_bicubic_20260711_135509.log
======================================================================

--- Experiment Configuration ---
HR patch: 256x256 | LR patch: 64x64 → resized to 256x256
HR patch: 256x256 | LR patch: 64x64 → resized to 256x256
Train batches: 1312 | Val batches: 188
Starting paired HR vs LR fine-tuning (20 epochs)...
=== Best Val Accuracy: 99.98% ===

--- Training Trajectory ---
Epoch [ 1/20] Loss: 0.2370 | Train Acc: 89.95% | Val Acc: 93.62%
Epoch [ 2/20] Loss: 0.0761 | Train Acc: 96.84% | Val Acc: 99.19%
Epoch [ 3/20] Loss: 0.0214 | Train Acc: 99.18% | Val Acc: 99.62%
Epoch [ 4/20] Loss: 0.0144 | Train Acc: 99.54% | Val Acc: 99.70%
Epoch [ 5/20] Loss: 0.0085 | Train Acc: 99.70% | Val Acc: 99.95%
Epoch [ 6/20] Loss: 0.0076 | Train Acc: 99.75% | Val Acc: 99.90%
Epoch [ 7/20] Loss: 0.0115 | Train Acc: 99.58% | Val Acc: 99.25%
Epoch [ 8/20] Loss: 0.0073 | Train Acc: 99.75% | Val Acc: 99.80%
Epoch [ 9/20] Loss: 0.0041 | Train Acc: 99.87% | Val Acc: 99.93%
Epoch [10/20] Loss: 0.0029 | Train Acc: 99.89% | Val Acc: 99.98%
Epoch [11/20] Loss: 0.0022 | Train Acc: 99.91% | Val Acc: 99.97%
Epoch [12/20] Loss: 0.0016 | Train Acc: 99.92% | Val Acc: 99.98%
Epoch [13/20] Loss: 0.0019 | Train Acc: 99.91% | Val Acc: 99.97%
Epoch [14/20] Loss: 0.0015 | Train Acc: 99.93% | Val Acc: 99.97%
Epoch [15/20] Loss: 0.0017 | Train Acc: 99.91% | Val Acc: 99.85%
Epoch [16/20] Loss: 0.0015 | Train Acc: 99.93% | Val Acc: 99.92%
Epoch [17/20] Loss: 0.0012 | Train Acc: 99.94% | Val Acc: 99.92%
Epoch [18/20] Loss: 0.0012 | Train Acc: 99.93% | Val Acc: 99.95%
Epoch [19/20] Loss: 0.0015 | Train Acc: 99.93% | Val Acc: 99.95%
Epoch [20/20] Loss: 0.0012 | Train Acc: 99.94% | Val Acc: 99.98%

