======================================================================
Log Source: finetune_hr_lr_log.txt
======================================================================

--- Experiment Configuration ---
Train batches: 328 | Val batches: 47
Starting HR vs LR linear probe for 20 epochs...
=== Best Val Accuracy: 67.61% ===

--- Training Trajectory ---
Epoch [ 1/20] Loss: 7.6253 | Train Acc: 58.93% | Val Acc: 61.26%
Epoch [ 2/20] Loss: 7.6683 | Train Acc: 59.96% | Val Acc: 61.55%
Epoch [ 3/20] Loss: 6.9965 | Train Acc: 60.53% | Val Acc: 50.88%
Epoch [ 4/20] Loss: 5.3688 | Train Acc: 60.89% | Val Acc: 53.79%
Epoch [ 5/20] Loss: 5.9767 | Train Acc: 60.39% | Val Acc: 63.21%
Epoch [ 6/20] Loss: 4.3942 | Train Acc: 60.72% | Val Acc: 62.36%
Epoch [ 7/20] Loss: 4.0493 | Train Acc: 60.54% | Val Acc: 64.12%
Epoch [ 8/20] Loss: 4.4141 | Train Acc: 60.28% | Val Acc: 61.48%
Epoch [ 9/20] Loss: 4.1457 | Train Acc: 60.99% | Val Acc: 61.51%
Epoch [10/20] Loss: 3.5276 | Train Acc: 60.89% | Val Acc: 56.98%
Epoch [11/20] Loss: 3.0098 | Train Acc: 60.83% | Val Acc: 61.87%
Epoch [12/20] Loss: 2.6614 | Train Acc: 61.30% | Val Acc: 60.56%
Epoch [13/20] Loss: 1.7329 | Train Acc: 62.24% | Val Acc: 63.89%
Epoch [14/20] Loss: 1.5076 | Train Acc: 62.01% | Val Acc: 67.61%
Epoch [15/20] Loss: 1.1347 | Train Acc: 62.94% | Val Acc: 57.40%
Epoch [16/20] Loss: 0.8313 | Train Acc: 64.31% | Val Acc: 66.38%
Epoch [17/20] Loss: 0.7177 | Train Acc: 65.62% | Val Acc: 64.48%
Epoch [18/20] Loss: 0.6541 | Train Acc: 66.55% | Val Acc: 64.27%
Epoch [19/20] Loss: 0.6195 | Train Acc: 67.52% | Val Acc: 65.94%
Epoch [20/20] Loss: 0.6030 | Train Acc: 68.30% | Val Acc: 65.85%

