======================================================================
Log Source: finetune_hr_lr_paired_log.txt
======================================================================

--- Experiment Configuration ---
HR patch: 96x96 | LR patch: 24x24 → resized to 96x96
HR patch: 96x96 | LR patch: 24x24 → resized to 96x96
Train batches: 328 | Val batches: 47
Starting paired HR vs LR fine-tuning (20 epochs)...
=== Best Val Accuracy: 99.93% ===

--- Training Trajectory ---
Epoch [ 1/20] Loss: 0.3184 | Train Acc: 84.41% | Val Acc: 88.41%
Epoch [ 2/20] Loss: 0.1686 | Train Acc: 91.13% | Val Acc: 90.70%
Epoch [ 3/20] Loss: 0.1377 | Train Acc: 92.73% | Val Acc: 82.93%
Epoch [ 4/20] Loss: 0.1195 | Train Acc: 93.84% | Val Acc: 95.13%
Epoch [ 5/20] Loss: 0.0934 | Train Acc: 95.19% | Val Acc: 91.90%
Epoch [ 6/20] Loss: 0.0822 | Train Acc: 95.90% | Val Acc: 96.74%
Epoch [ 7/20] Loss: 0.0500 | Train Acc: 97.62% | Val Acc: 97.15%
Epoch [ 8/20] Loss: 0.0358 | Train Acc: 98.44% | Val Acc: 98.54%
Epoch [ 9/20] Loss: 0.0296 | Train Acc: 98.68% | Val Acc: 99.50%
Epoch [10/20] Loss: 0.0182 | Train Acc: 99.22% | Val Acc: 99.55%
Epoch [11/20] Loss: 0.0113 | Train Acc: 99.52% | Val Acc: 99.80%
Epoch [12/20] Loss: 0.0119 | Train Acc: 99.50% | Val Acc: 99.78%
Epoch [13/20] Loss: 0.0091 | Train Acc: 99.61% | Val Acc: 99.72%
Epoch [14/20] Loss: 0.0077 | Train Acc: 99.62% | Val Acc: 99.83%
Epoch [15/20] Loss: 0.0065 | Train Acc: 99.72% | Val Acc: 99.90%
Epoch [16/20] Loss: 0.0060 | Train Acc: 99.70% | Val Acc: 99.73%
Epoch [17/20] Loss: 0.0052 | Train Acc: 99.74% | Val Acc: 99.85%
Epoch [18/20] Loss: 0.0053 | Train Acc: 99.74% | Val Acc: 99.83%
Epoch [19/20] Loss: 0.0054 | Train Acc: 99.75% | Val Acc: 99.92%
Epoch [20/20] Loss: 0.0050 | Train Acc: 99.77% | Val Acc: 99.93%

