======================================================================
Log Source: training_log_pretrain256_20260709_135756.log
======================================================================

--- Experiment Configuration ---
Using device: cuda
GPU: NVIDIA RTX 2000 Ada Generation
Found 800 HR images — loading into memory...
Loaded 100/800
Loaded 200/800
Loaded 300/800
Loaded 400/800
Loaded 500/800
Loaded 600/800
Loaded 700/800
Loaded 800/800
Dataset: 625 batches/epoch
Model: ResNet-18 + 3-layer projection head
Starting pretraining for 100 epochs...
scaled_lr=0.075000 | warmup=6250 steps | total=62500 steps

--- Training Trajectory ---
Epoch [  1/100] Loss: 9.0696 | Contrast Acc: 0.1164 | LR: 0.007500
Epoch [  2/100] Loss: 8.3752 | Contrast Acc: 0.1657 | LR: 0.015000
Epoch [  3/100] Loss: 7.9933 | Contrast Acc: 0.2063 | LR: 0.022500
Epoch [  4/100] Loss: 7.8058 | Contrast Acc: 0.2412 | LR: 0.030000
Epoch [  5/100] Loss: 7.6401 | Contrast Acc: 0.2820 | LR: 0.037500
Epoch [  6/100] Loss: 7.4418 | Contrast Acc: 0.3482 | LR: 0.045000
Epoch [  7/100] Loss: 7.2614 | Contrast Acc: 0.4208 | LR: 0.052500
Epoch [  8/100] Loss: 7.1415 | Contrast Acc: 0.4749 | LR: 0.060000
Epoch [  9/100] Loss: 7.0459 | Contrast Acc: 0.5258 | LR: 0.067500
Epoch [ 10/100] Loss: 6.9784 | Contrast Acc: 0.5634 | LR: 0.075000
Epoch [ 11/100] Loss: 6.9069 | Contrast Acc: 0.6024 | LR: 0.074977
Epoch [ 12/100] Loss: 6.8541 | Contrast Acc: 0.6349 | LR: 0.074909
Epoch [ 13/100] Loss: 6.8266 | Contrast Acc: 0.6583 | LR: 0.074795
Epoch [ 14/100] Loss: 6.7810 | Contrast Acc: 0.6868 | LR: 0.074635
Epoch [ 15/100] Loss: 6.7596 | Contrast Acc: 0.6998 | LR: 0.074430
Epoch [ 16/100] Loss: 6.7484 | Contrast Acc: 0.7100 | LR: 0.074181
Epoch [ 17/100] Loss: 6.7305 | Contrast Acc: 0.7245 | LR: 0.073886
Epoch [ 18/100] Loss: 6.7063 | Contrast Acc: 0.7337 | LR: 0.073547
Epoch [ 19/100] Loss: 6.6954 | Contrast Acc: 0.7438 | LR: 0.073165
Epoch [ 20/100] Loss: 6.6824 | Contrast Acc: 0.7509 | LR: 0.072738
Epoch [ 21/100] Loss: 6.6723 | Contrast Acc: 0.7536 | LR: 0.072269
Epoch [ 22/100] Loss: 6.6611 | Contrast Acc: 0.7641 | LR: 0.071758
Epoch [ 23/100] Loss: 6.6432 | Contrast Acc: 0.7724 | LR: 0.071205
Epoch [ 24/100] Loss: 6.6408 | Contrast Acc: 0.7773 | LR: 0.070611
Epoch [ 25/100] Loss: 6.6279 | Contrast Acc: 0.7862 | LR: 0.069976
Epoch [ 26/100] Loss: 6.6168 | Contrast Acc: 0.7902 | LR: 0.069302
Epoch [ 27/100] Loss: 6.6124 | Contrast Acc: 0.7910 | LR: 0.068589
Epoch [ 28/100] Loss: 6.5986 | Contrast Acc: 0.7999 | LR: 0.067838
Epoch [ 29/100] Loss: 6.5877 | Contrast Acc: 0.8041 | LR: 0.067050
Epoch [ 30/100] Loss: 6.5874 | Contrast Acc: 0.8027 | LR: 0.066227
Epoch [ 31/100] Loss: 6.5785 | Contrast Acc: 0.8121 | LR: 0.065368
Epoch [ 32/100] Loss: 6.5751 | Contrast Acc: 0.8138 | LR: 0.064475
Epoch [ 33/100] Loss: 6.5707 | Contrast Acc: 0.8172 | LR: 0.063550
Epoch [ 34/100] Loss: 6.5580 | Contrast Acc: 0.8224 | LR: 0.062592
Epoch [ 35/100] Loss: 6.5529 | Contrast Acc: 0.8253 | LR: 0.061605
Epoch [ 36/100] Loss: 6.5473 | Contrast Acc: 0.8278 | LR: 0.060587
Epoch [ 37/100] Loss: 6.5433 | Contrast Acc: 0.8339 | LR: 0.059542
Epoch [ 38/100] Loss: 6.5385 | Contrast Acc: 0.8335 | LR: 0.058470
Epoch [ 39/100] Loss: 6.5315 | Contrast Acc: 0.8332 | LR: 0.057372
Epoch [ 40/100] Loss: 6.5344 | Contrast Acc: 0.8353 | LR: 0.056250
Epoch [ 41/100] Loss: 6.5268 | Contrast Acc: 0.8395 | LR: 0.055105
Epoch [ 42/100] Loss: 6.5221 | Contrast Acc: 0.8422 | LR: 0.053939
Epoch [ 43/100] Loss: 6.5149 | Contrast Acc: 0.8453 | LR: 0.052753
Epoch [ 44/100] Loss: 6.5127 | Contrast Acc: 0.8430 | LR: 0.051548
Epoch [ 45/100] Loss: 6.5096 | Contrast Acc: 0.8424 | LR: 0.050326
Epoch [ 46/100] Loss: 6.4980 | Contrast Acc: 0.8505 | LR: 0.049088
Epoch [ 47/100] Loss: 6.4928 | Contrast Acc: 0.8569 | LR: 0.047836
Epoch [ 48/100] Loss: 6.4980 | Contrast Acc: 0.8515 | LR: 0.046572
Epoch [ 49/100] Loss: 6.4890 | Contrast Acc: 0.8583 | LR: 0.045297
Epoch [ 50/100] Loss: 6.4853 | Contrast Acc: 0.8564 | LR: 0.044012
Epoch [ 51/100] Loss: 6.4822 | Contrast Acc: 0.8558 | LR: 0.042719
Epoch [ 52/100] Loss: 6.4845 | Contrast Acc: 0.8587 | LR: 0.041420
Epoch [ 53/100] Loss: 6.4805 | Contrast Acc: 0.8607 | LR: 0.040116
Epoch [ 54/100] Loss: 6.4741 | Contrast Acc: 0.8657 | LR: 0.038809
Epoch [ 55/100] Loss: 6.4709 | Contrast Acc: 0.8621 | LR: 0.037500
Epoch [ 56/100] Loss: 6.4692 | Contrast Acc: 0.8655 | LR: 0.036191
Epoch [ 57/100] Loss: 6.4685 | Contrast Acc: 0.8672 | LR: 0.034884
Epoch [ 58/100] Loss: 6.4661 | Contrast Acc: 0.8678 | LR: 0.033580
Epoch [ 59/100] Loss: 6.4663 | Contrast Acc: 0.8665 | LR: 0.032281
Epoch [ 60/100] Loss: 6.4519 | Contrast Acc: 0.8728 | LR: 0.030988
Epoch [ 61/100] Loss: 6.4586 | Contrast Acc: 0.8703 | LR: 0.029703
Epoch [ 62/100] Loss: 6.4539 | Contrast Acc: 0.8718 | LR: 0.028428
Epoch [ 63/100] Loss: 6.4541 | Contrast Acc: 0.8706 | LR: 0.027164
Epoch [ 64/100] Loss: 6.4468 | Contrast Acc: 0.8749 | LR: 0.025912
Epoch [ 65/100] Loss: 6.4458 | Contrast Acc: 0.8760 | LR: 0.024674
Epoch [ 66/100] Loss: 6.4492 | Contrast Acc: 0.8726 | LR: 0.023452
Epoch [ 67/100] Loss: 6.4418 | Contrast Acc: 0.8758 | LR: 0.022247
Epoch [ 68/100] Loss: 6.4443 | Contrast Acc: 0.8757 | LR: 0.021061
Epoch [ 69/100] Loss: 6.4394 | Contrast Acc: 0.8807 | LR: 0.019895
Epoch [ 70/100] Loss: 6.4394 | Contrast Acc: 0.8775 | LR: 0.018750
Epoch [ 71/100] Loss: 6.4337 | Contrast Acc: 0.8825 | LR: 0.017628
Epoch [ 72/100] Loss: 6.4375 | Contrast Acc: 0.8794 | LR: 0.016530
Epoch [ 73/100] Loss: 6.4327 | Contrast Acc: 0.8821 | LR: 0.015458
Epoch [ 74/100] Loss: 6.4381 | Contrast Acc: 0.8784 | LR: 0.014413
Epoch [ 75/100] Loss: 6.4301 | Contrast Acc: 0.8833 | LR: 0.013395
Epoch [ 76/100] Loss: 6.4305 | Contrast Acc: 0.8807 | LR: 0.012408
Epoch [ 77/100] Loss: 6.4321 | Contrast Acc: 0.8816 | LR: 0.011450
Epoch [ 78/100] Loss: 6.4309 | Contrast Acc: 0.8799 | LR: 0.010525
Epoch [ 79/100] Loss: 6.4233 | Contrast Acc: 0.8861 | LR: 0.009632
Epoch [ 80/100] Loss: 6.4214 | Contrast Acc: 0.8860 | LR: 0.008773
Epoch [ 81/100] Loss: 6.4239 | Contrast Acc: 0.8864 | LR: 0.007950
Epoch [ 82/100] Loss: 6.4209 | Contrast Acc: 0.8852 | LR: 0.007162
Epoch [ 83/100] Loss: 6.4226 | Contrast Acc: 0.8828 | LR: 0.006411
Epoch [ 84/100] Loss: 6.4230 | Contrast Acc: 0.8848 | LR: 0.005698
Epoch [ 85/100] Loss: 6.4209 | Contrast Acc: 0.8868 | LR: 0.005024
Epoch [ 86/100] Loss: 6.4200 | Contrast Acc: 0.8877 | LR: 0.004389
Epoch [ 87/100] Loss: 6.4182 | Contrast Acc: 0.8859 | LR: 0.003795
Epoch [ 88/100] Loss: 6.4191 | Contrast Acc: 0.8875 | LR: 0.003242
Epoch [ 89/100] Loss: 6.4184 | Contrast Acc: 0.8856 | LR: 0.002731
Epoch [ 90/100] Loss: 6.4191 | Contrast Acc: 0.8873 | LR: 0.002262
Epoch [ 91/100] Loss: 6.4186 | Contrast Acc: 0.8853 | LR: 0.001835
Epoch [ 92/100] Loss: 6.4154 | Contrast Acc: 0.8907 | LR: 0.001453
Epoch [ 93/100] Loss: 6.4139 | Contrast Acc: 0.8901 | LR: 0.001114
Epoch [ 94/100] Loss: 6.4140 | Contrast Acc: 0.8875 | LR: 0.000819
Epoch [ 95/100] Loss: 6.4142 | Contrast Acc: 0.8884 | LR: 0.000570
Epoch [ 96/100] Loss: 6.4214 | Contrast Acc: 0.8877 | LR: 0.000365
Epoch [ 97/100] Loss: 6.4138 | Contrast Acc: 0.8920 | LR: 0.000205
Epoch [ 98/100] Loss: 6.4122 | Contrast Acc: 0.8912 | LR: 0.000091
Epoch [ 99/100] Loss: 6.4136 | Contrast Acc: 0.8876 | LR: 0.000023
Epoch [100/100] Loss: 6.4191 | Contrast Acc: 0.8878 | LR: 0.000000

